// Jest Snapshot v1, https://goo.gl/fbAQLP

exports[`has the right properties 1`] = `
Object {
  "router": Object {
    "page": "sites",
    "selectedSiteId": "",
  },
  "user": null,
}
`;
